// Jest Snapshot v1, https://goo.gl/fbAQLP

exports[`Card matches the snapshot 1`] = `
<styled.div
  className="card-style"
  onClick={[Function]}
>
  <img
    alt="lightsaber icon - favorite"
    className="light-saber"
    src="lightsaber.png"
  />
  <h3
    className=""
  >
    Christie
  </h3>
  <p>
    Homeworld: 
    Earth
  </p>
  <p>
    Population: 
    500
  </p>
  <p>
    Species: 
    Human
  </p>
  <p>
    Terrain: 
    mountains
  </p>
  <p>
    Climate: 
    rainy
  </p>
  <p>
    Residents: 
    Hudson,Bradley,Missy
  </p>
  <p>
    Model: 
    Range Rover
  </p>
  <p>
    Class: 
    HSE Sport
  </p>
  <p>
    Passengers: 
    5
  </p>
</styled.div>
`;
