// Jest Snapshot v1, https://goo.gl/fbAQLP

exports[`FilmScroll matches the snapshot 1`] = `
ShallowWrapper {
  Symbol(enzyme.__root__): [Circular],
  Symbol(enzyme.__unrendered__): <FilmScroll
    film={
      Object {
        "opening_crawl": "Some details about the movie",
        "release_date": "Movie release date",
        "title": "Some StarWars Title",
      }
    }
  />,
  Symbol(enzyme.__renderer__): Object {
    "batchedUpdates": [Function],
    "getNode": [Function],
    "render": [Function],
    "simulateError": [Function],
    "simulateEvent": [Function],
    "unmount": [Function],
  },
  Symbol(enzyme.__node__): Object {
    "instance": null,
    "key": undefined,
    "nodeType": "function",
    "props": Object {
      "children": Array [
        <h3>
          Some StarWars Title
        </h3>,
        <p>
          Some details about the movie
        </p>,
        <h6>
          Movie release date
        </h6>,
      ],
    },
    "ref": null,
    "rendered": Array [
      Object {
        "instance": null,
        "key": undefined,
        "nodeType": "host",
        "props": Object {
          "children": "Some StarWars Title",
        },
        "ref": null,
        "rendered": "Some StarWars Title",
        "type": "h3",
      },
      Object {
        "instance": null,
        "key": undefined,
        "nodeType": "host",
        "props": Object {
          "children": "Some details about the movie",
        },
        "ref": null,
        "rendered": "Some details about the movie",
        "type": "p",
      },
      Object {
        "instance": null,
        "key": undefined,
        "nodeType": "host",
        "props": Object {
          "children": "Movie release date",
        },
        "ref": null,
        "rendered": "Movie release date",
        "type": "h6",
      },
    ],
    "type": Object {
      "$$typeof": Symbol(react.forward_ref),
      "attrs": undefined,
      "componentStyle": ComponentStyle {
        "componentId": "sc-bdVaJa",
        "isStatic": true,
        "rules": Array [
          "
  width: 90%;
  height: 650px;
  margin: auto;
  background-color: white;
  h3 {
    padding: 20px;
    font-size: 35px;
  };
  p {
    padding: 0 20px 0 20px;
    font-size: 20px;
  };
  h6 {
    font-size: 25px;
  }
",
        ],
      },
      "displayName": "styled.div",
      "render": [Function],
      "styledComponentId": "sc-bdVaJa",
      "target": "div",
      "warnTooManyClasses": [Function],
      "withComponent": [Function],
    },
  },
  Symbol(enzyme.__nodes__): Array [
    Object {
      "instance": null,
      "key": undefined,
      "nodeType": "function",
      "props": Object {
        "children": Array [
          <h3>
            Some StarWars Title
          </h3>,
          <p>
            Some details about the movie
          </p>,
          <h6>
            Movie release date
          </h6>,
        ],
      },
      "ref": null,
      "rendered": Array [
        Object {
          "instance": null,
          "key": undefined,
          "nodeType": "host",
          "props": Object {
            "children": "Some StarWars Title",
          },
          "ref": null,
          "rendered": "Some StarWars Title",
          "type": "h3",
        },
        Object {
          "instance": null,
          "key": undefined,
          "nodeType": "host",
          "props": Object {
            "children": "Some details about the movie",
          },
          "ref": null,
          "rendered": "Some details about the movie",
          "type": "p",
        },
        Object {
          "instance": null,
          "key": undefined,
          "nodeType": "host",
          "props": Object {
            "children": "Movie release date",
          },
          "ref": null,
          "rendered": "Movie release date",
          "type": "h6",
        },
      ],
      "type": Object {
        "$$typeof": Symbol(react.forward_ref),
        "attrs": undefined,
        "componentStyle": ComponentStyle {
          "componentId": "sc-bdVaJa",
          "isStatic": true,
          "rules": Array [
            "
  width: 90%;
  height: 650px;
  margin: auto;
  background-color: white;
  h3 {
    padding: 20px;
    font-size: 35px;
  };
  p {
    padding: 0 20px 0 20px;
    font-size: 20px;
  };
  h6 {
    font-size: 25px;
  }
",
          ],
        },
        "displayName": "styled.div",
        "render": [Function],
        "styledComponentId": "sc-bdVaJa",
        "target": "div",
        "warnTooManyClasses": [Function],
        "withComponent": [Function],
      },
    },
  ],
  Symbol(enzyme.__options__): Object {
    "adapter": ReactSixteenAdapter {
      "options": Object {
        "enableComponentDidUpdateOnSetState": true,
        "lifecycles": Object {
          "componentDidUpdate": Object {
            "onSetState": true,
          },
          "getDerivedStateFromProps": true,
          "getSnapshotBeforeUpdate": true,
          "setState": Object {
            "skipsComponentDidUpdateOnNullish": true,
          },
        },
      },
    },
  },
}
`;
