// Jest Snapshot v1, https://goo.gl/fbAQLP

exports[`Nav matches the snapshot 1`] = `
<styled.div>
  <NavLink
    activeClassName="active"
    aria-current="page"
    className="nav-link"
    exact={true}
    onClick={[Function]}
    to="/people"
  >
    PEOPLE
  </NavLink>
  <NavLink
    activeClassName="active"
    aria-current="page"
    className="nav-link"
    exact={true}
    onClick={[Function]}
    to="/planets"
  >
    PLANETS
  </NavLink>
  <NavLink
    activeClassName="active"
    aria-current="page"
    className="nav-link"
    exact={true}
    onClick={[Function]}
    to="/vehicles"
  >
    VEHICLES
  </NavLink>
  <NavLink
    activeClassName="active"
    aria-current="page"
    className="nav-link"
    exact={true}
    to="/favorites"
  >
    FAVORITES [
    ]
  </NavLink>
</styled.div>
`;
