// Jest Snapshot v1, https://goo.gl/fbAQLP

exports[`CardContainer matches the snapshot if there is data 1`] = `
<styled.div>
  <Card
    item={
      Object {
        "favorited": true,
        "name": "Christie",
        "species": "Human",
        "type": "people",
      }
    }
    key="Christie"
  />
  <Card
    item={
      Object {
        "favorited": false,
        "name": "Will",
        "species": "Wizard",
        "type": "people",
      }
    }
    key="Will"
  />
</styled.div>
`;

exports[`CardContainer matches the snapshot if there is no data 1`] = `
<styled.div>
  <img
    alt="loading gif"
    src="loading.gif"
  />
</styled.div>
`;
